[
  {
    "Key": "data/test/foo_encoding.json",
    "ETag": "\"fda80639c7dc01f4416fef3201ee9571\"",
    "StorageClass": "STANDARD",
    "name": "foo_encoding.json",
    "rpath": "foo_encoding.json",
    "size": 1229,
    "date": "2021-04-02T15:30:56.000Z"
  },
  {
    "Key": "data/test/foo_encoding_2.json",
    "ETag": "\"8a8dc56234b4fa54b6d19d72d8dfdd27\"",
    "StorageClass": "STANDARD",
    "name": "foo_encoding_2.json",
    "rpath": "foo_encoding_2.json",
    "size": 1968,
    "date": "2021-04-02T15:30:57.000Z"
  },
  {
    "Key": "data/test/foofile.json",
    "ETag": "\"d3a3fb8eb3e689aea55219d11dac9544\"",
    "StorageClass": "STANDARD",
    "name": "foofile.json",
    "rpath": "foofile.json",
    "size": 1692,
    "date": "2021-04-02T15:30:58.000Z"
  },
  {
    "Key": "data/test/foofile_01.json",
    "ETag": "\"11c9a15830efe43c36a0f9982684236a\"",
    "StorageClass": "STANDARD",
    "name": "foofile_01.json",
    "rpath": "foofile_01.json",
    "size": 1729,
    "date": "2021-04-02T15:31:01.000Z"
  },
  {
    "Key": "data/test/foofile_02.json",
    "ETag": "\"11c9a15830efe43c36a0f9982684236a\"",
    "StorageClass": "STANDARD",
    "name": "foofile_02.json",
    "rpath": "foofile_02.json",
    "size": 1729,
    "date": "2021-04-02T15:31:01.000Z"
  },
  {
    "Key": "data/test/foofile_03.json",
    "ETag": "\"11c9a15830efe43c36a0f9982684236a\"",
    "StorageClass": "STANDARD",
    "name": "foofile_03.json",
    "rpath": "foofile_03.json",
    "size": 1729,
    "date": "2021-04-02T15:31:02.000Z"
  },
  {
    "Key": "data/test/transforms.json",
    "ETag": "\"014749c9c3b71915a53fce723e2ea135\"",
    "StorageClass": "STANDARD",
    "name": "transforms.json",
    "rpath": "transforms.json",
    "size": 369,
    "date": "2021-04-02T15:31:03.000Z"
  }
]